Success! Found articles: 2
[
  {
    "id": "6011873c-166a-4fa8-a719-0c086c1b2c2d",
    "title": "Empowering Dreams Through Service: Asa Microfinance Rwanda PLC Wins Service Excellence Award",
    "slug": "asa-microfinance-rwanda-service-excellence-award",
    "excerpt": "Asa Microfinance has been honored for its outstanding service and commitment to financial inclusion in Rwanda.",
    "content": "<p>Asa Microfinance has been honored for its outstanding service and commitment to financial inclusion in Rwanda.</p><p>The award recognizes their efforts in empowering small business owners and individuals through accessible financial services.</p>",
    "featuredImage": "https://images.unsplash.com/photo-1553729459-efe14ef6055d?q=80&w=2000&auto=format&fit=crop",
    "categoryId": 5,
    "authorId": "4f8493e7-c112-4a7c-a048-a1c49205c163",
    "status": "published",
    "isFeatured": false,
    "publishedAt": "2025-02-12T00:00:00.000Z",
    "createdAt": "2026-02-14T19:19:12.815Z",
    "updatedAt": "2026-02-14T19:19:12.815Z",
    "category": {
      "id": 5,
      "name": "Business & Economy",
      "slug": "business-economy",
      "color": "#3b82f6"
    },
    "author": {
      "id": "4f8493e7-c112-4a7c-a048-a1c49205c163",
      "fullName": "Sarah Mutesi",
      "profileImage": null
    },
    "tags": [
      {
        "articleId": "6011873c-166a-4fa8-a719-0c086c1b2c2d",
        "tagId": 11,
        "tag": {
          "id": 11,
          "name": "Entrepreneurship",
          "slug": "entrepreneurship",
          "createdAt": "2026-02-13T20:16:49.632Z"
        }
      },
      {
        "articleId": "6011873c-166a-4fa8-a719-0c086c1b2c2d",
        "tagId": 4,
        "tag": {
          "id": 4,
          "name": "Rwanda",
          "slug": "rwanda",
          "createdAt": "2026-02-13T20:16:00.897Z"
        }
      }
    ]
  },
  {
    "id": "3d197452-6326-411a-8acd-d4cbc1addd59",
    "title": "A Clear Vision of Excellence: Eva Optical Shop Shines as Rwanda’s Optical Shop of the Year",
    "slug": "clear-vision-excellence-eva-optical-shop-rwanda",
    "excerpt": "Eva Optical Shop has been recognized as the Optical Shop of the Year in Rwanda, highlighting its commitment to eye health and service excellence.",
    "content": "<p>Eva Optical Shop has been recognized as the Optical Shop of the Year in Rwanda, highlighting its commitment to eye health and service excellence.</p><p>This recognition comes as a result of their consistent efforts to provide high-quality optical services and products to the Rwandan community.</p>",
    "featuredImage": "https://images.unsplash.com/photo-1573164713714-d95e436ab8d6?q=80&w=2938&auto=format&fit=crop",
    "categoryId": 5,
    "authorId": "4f8493e7-c112-4a7c-a048-a1c49205c163",
    "status": "published",
    "isFeatured": true,
    "publishedAt": "2025-02-10T00:00:00.000Z",
    "createdAt": "2026-02-14T19:18:48.532Z",
    "updatedAt": "2026-02-14T19:18:48.532Z",
    "category": {
      "id": 5,
      "name": "Business & Economy",
      "slug": "business-economy",
      "color": "#3b82f6"
    },
    "author": {
      "id": "4f8493e7-c112-4a7c-a048-a1c49205c163",
      "fullName": "Sarah Mutesi",
      "profileImage": null
    },
    "tags": [
      {
        "articleId": "3d197452-6326-411a-8acd-d4cbc1addd59",
        "tagId": 11,
        "tag": {
          "id": 11,
          "name": "Entrepreneurship",
          "slug": "entrepreneurship",
          "createdAt": "2026-02-13T20:16:49.632Z"
        }
      },
      {
        "articleId": "3d197452-6326-411a-8acd-d4cbc1addd59",
        "tagId": 4,
        "tag": {
          "id": 4,
          "name": "Rwanda",
          "slug": "rwanda",
          "createdAt": "2026-02-13T20:16:00.897Z"
        }
      }
    ]
  }
]